Running on iPhone 17 Pro - iOS 26.5 - 68B8F6A8-F2BC-42BC-9B7E-9431ABC82F77
 > Flow failure-probe
Launch app "com.deribfy.bench.e2e"... COMPLETED
Assert that id: element-inexistant is visible... FAILED

Assertion is false: id: element-inexistant is visible

Assertion 'id: element-inexistant is visible' failed. Check the UI hierarchy in debug artifacts to verify the element state and properties.

Possible causes:
- Element selector may be incorrect - check if there are similar elements with slightly different names/properties.
- Element may be temporarily unavailable due to loading state
- This could be a real regression that needs to be addressed

==== Debug output (logs & screenshots) ====

/Users/yia/.maestro/tests/2026-08-28_001416
╭────────────────────────────────────────────────────────────────────────────────────────────────╮
│                                                                                                │
│   Debug tests faster by easy access to test recordings, maestro logs, screenshots, and more.   │
│                                                                                                │
│   Run your flows on Maestro Cloud:                                                             │
│   maestro cloud app_file flows_folder/                                                         │
│                                                                                                │
╰────────────────────────────────────────────────────────────────────────────────────────────────╯

